stm32f4xx_hal_msp.c:67:6:HAL_MspInit	8	static
stm32f4xx_hal_msp.c:91:6:HAL_ADC_MspInit	64	static
stm32f4xx_hal_msp.c:187:6:HAL_ADC_MspDeInit	8	static
stm32f4xx_hal_msp.c:262:6:HAL_I2C_MspInit	72	static
stm32f4xx_hal_msp.c:330:6:HAL_I2C_MspDeInit	8	static
stm32f4xx_hal_msp.c:381:6:HAL_TIM_Base_MspInit	24	static
stm32f4xx_hal_msp.c:447:6:HAL_TIM_PWM_MspInit	48	static
stm32f4xx_hal_msp.c:512:6:HAL_TIM_MspPostInit	48	static
stm32f4xx_hal_msp.c:609:6:HAL_TIM_Base_MspDeInit	0	static
stm32f4xx_hal_msp.c:688:6:HAL_TIM_PWM_MspDeInit	8	static
stm32f4xx_hal_msp.c:752:6:HAL_UART_MspInit	48	static
stm32f4xx_hal_msp.c:818:6:HAL_UART_MspDeInit	8	static
