stm32f4xx_it.c:90:6:NMI_Handler	0	static
stm32f4xx_it.c:105:6:HardFault_Handler	0	static
stm32f4xx_it.c:120:6:MemManage_Handler	0	static
stm32f4xx_it.c:135:6:BusFault_Handler	0	static
stm32f4xx_it.c:150:6:UsageFault_Handler	0	static
stm32f4xx_it.c:165:6:SVC_Handler	0	static
stm32f4xx_it.c:178:6:DebugMon_Handler	0	static
stm32f4xx_it.c:191:6:PendSV_Handler	0	static
stm32f4xx_it.c:204:6:SysTick_Handler	0	static
stm32f4xx_it.c:225:6:ADC_IRQHandler	8	static
stm32f4xx_it.c:240:6:TIM1_BRK_TIM9_IRQHandler	0	static
stm32f4xx_it.c:254:6:TIM1_UP_TIM10_IRQHandler	8	static
stm32f4xx_it.c:269:6:USART1_IRQHandler	0	static
stm32f4xx_it.c:283:6:USART2_IRQHandler	0	static
stm32f4xx_it.c:297:6:TIM8_UP_TIM13_IRQHandler	0	static
stm32f4xx_it.c:311:6:TIM7_IRQHandler	0	static
stm32f4xx_it.c:348:6:DMA2_Stream2_IRQHandler	0	static
