Archive member included to satisfy reference by file (symbol)

/opt/st/stm32cubeide_1.7.0/plugins/com.st.stm32cube.ide.mcu.externaltools.gnu-tools-for-stm32.9-2020-q2-update.linux64_2.0.0.202105311346/tools/bin/../lib/gcc/arm-none-eabi/9.3.1/../../../../arm-none-eabi/lib/thumb/v7e-m+fp/hard/libc_nano.a(lib_a-errno.o)
                              ./Core/Src/syscalls.o (__errno)
/opt/st/stm32cubeide_1.7.0/plugins/com.st.stm32cube.ide.mcu.externaltools.gnu-tools-for-stm32.9-2020-q2-update.linux64_2.0.0.202105311346/tools/bin/../lib/gcc/arm-none-eabi/9.3.1/../../../../arm-none-eabi/lib/thumb/v7e-m+fp/hard/libc_nano.a(lib_a-exit.o)
                              /opt/st/stm32cubeide_1.7.0/plugins/com.st.stm32cube.ide.mcu.externaltools.gnu-tools-for-stm32.9-2020-q2-update.linux64_2.0.0.202105311346/tools/bin/../lib/gcc/arm-none-eabi/9.3.1/../../../../arm-none-eabi/lib/thumb/v7e-m+fp/hard/crt0.o (exit)
/opt/st/stm32cubeide_1.7.0/plugins/com.st.stm32cube.ide.mcu.externaltools.gnu-tools-for-stm32.9-2020-q2-update.linux64_2.0.0.202105311346/tools/bin/../lib/gcc/arm-none-eabi/9.3.1/../../../../arm-none-eabi/lib/thumb/v7e-m+fp/hard/libc_nano.a(lib_a-impure.o)
                              /opt/st/stm32cubeide_1.7.0/plugins/com.st.stm32cube.ide.mcu.externaltools.gnu-tools-for-stm32.9-2020-q2-update.linux64_2.0.0.202105311346/tools/bin/../lib/gcc/arm-none-eabi/9.3.1/../../../../arm-none-eabi/lib/thumb/v7e-m+fp/hard/libc_nano.a(lib_a-exit.o) (_global_impure_ptr)
/opt/st/stm32cubeide_1.7.0/plugins/com.st.stm32cube.ide.mcu.externaltools.gnu-tools-for-stm32.9-2020-q2-update.linux64_2.0.0.202105311346/tools/bin/../lib/gcc/arm-none-eabi/9.3.1/../../../../arm-none-eabi/lib/thumb/v7e-m+fp/hard/libc_nano.a(lib_a-init.o)
                              /opt/st/stm32cubeide_1.7.0/plugins/com.st.stm32cube.ide.mcu.externaltools.gnu-tools-for-stm32.9-2020-q2-update.linux64_2.0.0.202105311346/tools/bin/../lib/gcc/arm-none-eabi/9.3.1/../../../../arm-none-eabi/lib/thumb/v7e-m+fp/hard/crt0.o (__libc_init_array)
/opt/st/stm32cubeide_1.7.0/plugins/com.st.stm32cube.ide.mcu.externaltools.gnu-tools-for-stm32.9-2020-q2-update.linux64_2.0.0.202105311346/tools/bin/../lib/gcc/arm-none-eabi/9.3.1/../../../../arm-none-eabi/lib/thumb/v7e-m+fp/hard/libc_nano.a(lib_a-memset.o)
                              /opt/st/stm32cubeide_1.7.0/plugins/com.st.stm32cube.ide.mcu.externaltools.gnu-tools-for-stm32.9-2020-q2-update.linux64_2.0.0.202105311346/tools/bin/../lib/gcc/arm-none-eabi/9.3.1/../../../../arm-none-eabi/lib/thumb/v7e-m+fp/hard/crt0.o (memset)
/opt/st/stm32cubeide_1.7.0/plugins/com.st.stm32cube.ide.mcu.externaltools.gnu-tools-for-stm32.9-2020-q2-update.linux64_2.0.0.202105311346/tools/bin/../lib/gcc/arm-none-eabi/9.3.1/thumb/v7e-m+fp/hard/libgcc.a(_arm_addsubdf3.o)
                              ./Core/Src/main.o (__aeabi_i2d)
/opt/st/stm32cubeide_1.7.0/plugins/com.st.stm32cube.ide.mcu.externaltools.gnu-tools-for-stm32.9-2020-q2-update.linux64_2.0.0.202105311346/tools/bin/../lib/gcc/arm-none-eabi/9.3.1/thumb/v7e-m+fp/hard/libgcc.a(_aeabi_ldivmod.o)
                              ./Drivers/STM32F4xx_HAL_Driver/Src/stm32f4xx_hal_rcc.o (__aeabi_ldivmod)
/opt/st/stm32cubeide_1.7.0/plugins/com.st.stm32cube.ide.mcu.externaltools.gnu-tools-for-stm32.9-2020-q2-update.linux64_2.0.0.202105311346/tools/bin/../lib/gcc/arm-none-eabi/9.3.1/thumb/v7e-m+fp/hard/libgcc.a(_aeabi_uldivmod.o)
                              ./Drivers/STM32F4xx_HAL_Driver/Src/stm32f4xx_hal_rcc.o (__aeabi_uldivmod)
/opt/st/stm32cubeide_1.7.0/plugins/com.st.stm32cube.ide.mcu.externaltools.gnu-tools-for-stm32.9-2020-q2-update.linux64_2.0.0.202105311346/tools/bin/../lib/gcc/arm-none-eabi/9.3.1/thumb/v7e-m+fp/hard/libgcc.a(_udivmoddi4.o)
                              /opt/st/stm32cubeide_1.7.0/plugins/com.st.stm32cube.ide.mcu.externaltools.gnu-tools-for-stm32.9-2020-q2-update.linux64_2.0.0.202105311346/tools/bin/../lib/gcc/arm-none-eabi/9.3.1/thumb/v7e-m+fp/hard/libgcc.a(_aeabi_ldivmod.o) (__udivmoddi4)
/opt/st/stm32cubeide_1.7.0/plugins/com.st.stm32cube.ide.mcu.externaltools.gnu-tools-for-stm32.9-2020-q2-update.linux64_2.0.0.202105311346/tools/bin/../lib/gcc/arm-none-eabi/9.3.1/thumb/v7e-m+fp/hard/libgcc.a(_dvmd_tls.o)
                              /opt/st/stm32cubeide_1.7.0/plugins/com.st.stm32cube.ide.mcu.externaltools.gnu-tools-for-stm32.9-2020-q2-update.linux64_2.0.0.202105311346/tools/bin/../lib/gcc/arm-none-eabi/9.3.1/thumb/v7e-m+fp/hard/libgcc.a(_aeabi_ldivmod.o) (__aeabi_ldiv0)

Allocating common symbols
Common symbol       size              file

MAX                 0x4               ./Core/Src/main.o
hi2c3               0x54              ./Core/Src/main.o
htim8               0x48              ./Core/Src/main.o
htim4               0x48              ./Core/Src/main.o
hadc2               0x48              ./Core/Src/main.o
htim10              0x48              ./Core/Src/main.o
hi2c2               0x54              ./Core/Src/main.o
Cycle_Printer       0x4               ./Core/Src/main.o
[...]
Memory Configuration

Name             Origin             Length             Attributes
RAM              0x0000000020000000 0x0000000000020000 xrw
FLASH            0x0000000008000000 0x0000000000080000 xr
*default*        0x0000000000000000 0xffffffffffffffff

Linker script and memory map

LOAD /opt/st/stm32cubeide_1.7.0/plugins/com.st.stm32cube.ide.mcu.externaltools.gnu-tools-for-stm32.9-2020-q2-update.linux64_2.0.0.202105311346/tools/bin/../lib/gcc/arm-none-eabi/9.3.1/thumb/v7e-m+fp/hard/crti.o
LOAD /opt/st/stm32cubeide_1.7.0/plugins/com.st.stm32cube.ide.mcu.externaltools.gnu-tools-for-stm32.9-2020-q2-update.linux64_2.0.0.202105311346/tools/bin/../lib/gcc/arm-none-eabi/9.3.1/thumb/v7e-m+fp/hard/crtbegin.o
LOAD /opt/st/stm32cubeide_1.7.0/plugins/com.st.stm32cube.ide.mcu.externaltools.gnu-tools-for-stm32.9-2020-q2-update.linux64_2.0.0.202105311346/tools/bin/../lib/gcc/arm-none-eabi/9.3.1/../../../../arm-none-eabi/lib/thumb/v7e-m+fp/hard/crt0.o
LOAD ./Core/Src/main.o
LOAD ./Core/Src/stm32f4xx_hal_msp.o
LOAD ./Core/Src/stm32f4xx_it.o
LOAD ./Core/Src/syscalls.o
LOAD ./Core/Src/sysmem.o
LOAD ./Core/Src/system_stm32f4xx.o
LOAD ./Core/Startup/startup_stm32f446retx.o
LOAD ./Drivers/STM32F4xx_HAL_Driver/Src/stm32f4xx_hal.o
LOAD ./Drivers/STM32F4xx_HAL_Driver/Src/stm32f4xx_hal_adc.o
LOAD ./Drivers/STM32F4xx_HAL_Driver/Src/stm32f4xx_hal_adc_ex.o
LOAD ./Drivers/STM32F4xx_HAL_Driver/Src/stm32f4xx_hal_cortex.o
LOAD ./Drivers/STM32F4xx_HAL_Driver/Src/stm32f4xx_hal_dma.o
LOAD ./Drivers/STM32F4xx_HAL_Driver/Src/stm32f4xx_hal_dma_ex.o
LOAD ./Drivers/STM32F4xx_HAL_Driver/Src/stm32f4xx_hal_exti.o
LOAD ./Drivers/STM32F4xx_HAL_Driver/Src/stm32f4xx_hal_flash.o
LOAD ./Drivers/STM32F4xx_HAL_Driver/Src/stm32f4xx_hal_flash_ex.o
LOAD ./Drivers/STM32F4xx_HAL_Driver/Src/stm32f4xx_hal_flash_ramfunc.o
LOAD ./Drivers/STM32F4xx_HAL_Driver/Src/stm32f4xx_hal_gpio.o
LOAD ./Drivers/STM32F4xx_HAL_Driver/Src/stm32f4xx_hal_i2c.o
LOAD ./Drivers/STM32F4xx_HAL_Driver/Src/stm32f4xx_hal_i2c_ex.o
LOAD ./Drivers/STM32F4xx_HAL_Driver/Src/stm32f4xx_hal_pwr.o
LOAD ./Drivers/STM32F4xx_HAL_Driver/Src/stm32f4xx_hal_pwr_ex.o
LOAD ./Drivers/STM32F4xx_HAL_Driver/Src/stm32f4xx_hal_rcc.o
LOAD ./Drivers/STM32F4xx_HAL_Driver/Src/stm32f4xx_hal_rcc_ex.o
LOAD ./Drivers/STM32F4xx_HAL_Driver/Src/stm32f4xx_hal_tim.o
LOAD ./Drivers/STM32F4xx_HAL_Driver/Src/stm32f4xx_hal_tim_ex.o
LOAD ./Drivers/STM32F4xx_HAL_Driver/Src/stm32f4xx_hal_uart.o
LOAD ./Drivers/STM32F4xx_HAL_Driver/Src/stm32f4xx_ll_adc.o
START GROUP
LOAD /opt/st/stm32cubeide_1.7.0/plugins/com.st.stm32cube.ide.mcu.externaltools.gnu-tools-for-stm32.9-2020-q2-update.linux64_2.0.0.202105311346/tools/bin/../lib/gcc/arm-none-eabi/9.3.1/../../../../arm-none-eabi/lib/thumb/v7e-m+fp/hard/libc_nano.a
LOAD /opt/st/stm32cubeide_1.7.0/plugins/com.st.stm32cube.ide.mcu.externaltools.gnu-tools-for-stm32.9-2020-q2-update.linux64_2.0.0.202105311346/tools/bin/../lib/gcc/arm-none-eabi/9.3.1/../../../../arm-none-eabi/lib/thumb/v7e-m+fp/hard/libm.a
END GROUP
START GROUP
LOAD /opt/st/stm32cubeide_1.7.0/plugins/com.st.stm32cube.ide.mcu.externaltools.gnu-tools-for-stm32.9-2020-q2-update.linux64_2.0.0.202105311346/tools/bin/../lib/gcc/arm-none-eabi/9.3.1/thumb/v7e-m+fp/hard/libgcc.a
LOAD /opt/st/stm32cubeide_1.7.0/plugins/com.st.stm32cube.ide.mcu.externaltools.gnu-tools-for-stm32.9-2020-q2-update.linux64_2.0.0.202105311346/tools/bin/../lib/gcc/arm-none-eabi/9.3.1/../../../../arm-none-eabi/lib/thumb/v7e-m+fp/hard/libc_nano.a
END GROUP
START GROUP
LOAD /opt/st/stm32cubeide_1.7.0/plugins/com.st.stm32cube.ide.mcu.externaltools.gnu-tools-for-stm32.9-2020-q2-update.linux64_2.0.0.202105311346/tools/bin/../lib/gcc/arm-none-eabi/9.3.1/thumb/v7e-m+fp/hard/libgcc.a
LOAD /opt/st/stm32cubeide_1.7.0/plugins/com.st.stm32cube.ide.mcu.externaltools.gnu-tools-for-stm32.9-2020-q2-update.linux64_2.0.0.202105311346/tools/bin/../lib/gcc/arm-none-eabi/9.3.1/../../../../arm-none-eabi/lib/thumb/v7e-m+fp/hard/libc_nano.a
LOAD /opt/st/stm32cubeide_1.7.0/plugins/com.st.stm32cube.ide.mcu.externaltools.gnu-tools-for-stm32.9-2020-q2-update.linux64_2.0.0.202105311346/tools/bin/../lib/gcc/arm-none-eabi/9.3.1/../../../../arm-none-eabi/lib/thumb/v7e-m+fp/hard/libnosys.a
END GROUP
START GROUP
LOAD /opt/st/stm32cubeide_1.7.0/plugins/com.st.stm32cube.ide.mcu.externaltools.gnu-tools-for-stm32.9-2020-q2-update.linux64_2.0.0.202105311346/tools/bin/../lib/gcc/arm-none-eabi/9.3.1/thumb/v7e-m+fp/hard/libgcc.a
LOAD /opt/st/stm32cubeide_1.7.0/plugins/com.st.stm32cube.ide.mcu.externaltools.gnu-tools-for-stm32.9-2020-q2-update.linux64_2.0.0.202105311346/tools/bin/../lib/gcc/arm-none-eabi/9.3.1/../../../../arm-none-eabi/lib/thumb/v7e-m+fp/hard/libc_nano.a
LOAD /opt/st/stm32cubeide_1.7.0/plugins/com.st.stm32cube.ide.mcu.externaltools.gnu-tools-for-stm32.9-2020-q2-update.linux64_2.0.0.202105311346/tools/bin/../lib/gcc/arm-none-eabi/9.3.1/../../../../arm-none-eabi/lib/thumb/v7e-m+fp/hard/libnosys.a
END GROUP
LOAD /opt/st/stm32cubeide_1.7.0/plugins/com.st.stm32cube.ide.mcu.externaltools.gnu-tools-for-stm32.9-2020-q2-update.linux64_2.0.0.202105311346/tools/bin/../lib/gcc/arm-none-eabi/9.3.1/thumb/v7e-m+fp/hard/crtend.o
LOAD /opt/st/stm32cubeide_1.7.0/plugins/com.st.stm32cube.ide.mcu.externaltools.gnu-tools-for-stm32.9-2020-q2-update.linux64_2.0.0.202105311346/tools/bin/../lib/gcc/arm-none-eabi/9.3.1/thumb/v7e-m+fp/hard/crtn.o
                0x0000000020020000                _estack = (ORIGIN (RAM) + LENGTH (RAM))
                0x0000000000000200                _Min_Heap_Size = 0x200
                0x0000000000000400                _Min_Stack_Size = 0x400

.isr_vector     0x0000000008000000      0x1c4
                0x0000000008000000                . = ALIGN (0x4)
 *(.isr_vector)
 .isr_vector    0x0000000008000000      0x1c4 ./Core/Startup/startup_stm32f446retx.o
                0x0000000008000000                g_pfnVectors
                0x00000000080001c4                . = ALIGN (0x4)

.text           0x00000000080001c4     0x36c8
                0x00000000080001c4                . = ALIGN (0x4)
 *(.text)
 .text          0x00000000080001c4       0x40 /opt/st/stm32cubeide_1.7.0/plugins/com.st.stm32cube.ide.mcu.externaltools.gnu-tools-for-stm32.9-2020-q2-update.linux64_2.0.0.202105311346/tools/bin/../lib/gcc/arm-none-eabi/9.3.1/thumb/v7e-m+fp/hard/crtbegin.o
 .text          0x0000000008000204      0x378 /opt/st/stm32cubeide_1.7.0/plugins/com.st.stm32cube.ide.mcu.externaltools.gnu-tools-for-stm32.9-2020-q2-update.linux64_2.0.0.202105311346/tools/bin/../lib/gcc/arm-none-eabi/9.3.1/thumb/v7e-m+fp/hard/libgcc.a(_arm_addsubdf3.o)
                0x0000000008000204                __aeabi_drsub
                0x000000000800020c                __aeabi_dsub
                0x000000000800020c                __subdf3
                0x0000000008000210                __adddf3
                0x0000000008000210                __aeabi_dadd
                0x0000000008000488                __aeabi_ui2d
                0x0000000008000488                __floatunsidf
                0x00000000080004a8                __floatsidf
                0x00000000080004a8                __aeabi_i2d
                0x00000000080004cc                __extendsfdf2
                0x00000000080004cc                __aeabi_f2d
                0x0000000008000510                __aeabi_ul2d
                0x0000000008000510                __floatundidf
                0x0000000008000520                __floatdidf
                0x0000000008000520                __aeabi_l2d
 .text          0x000000000800057c       0x30 /opt/st/stm32cubeide_1.7.0/plugins/com.st.stm32cube.ide.mcu.externaltools.gnu-tools-for-stm32.9-2020-q2-update.linux64_2.0.0.202105311346/tools/bin/../lib/gcc/arm-none-eabi/9.3.1/thumb/v7e-m+fp/hard/libgcc.a(_aeabi_uldivmod.o)
                0x000000000800057c                __aeabi_uldivmod
 .text          0x00000000080005ac      0x2c4 /opt/st/stm32cubeide_1.7.0/plugins/com.st.stm32cube.ide.mcu.externaltools.gnu-tools-for-stm32.9-2020-q2-update.linux64_2.0.0.202105311346/tools/bin/../lib/gcc/arm-none-eabi/9.3.1/thumb/v7e-m+fp/hard/libgcc.a(_udivmoddi4.o)
                0x00000000080005ac                __udivmoddi4
 .text          0x0000000008000870        0x4 /opt/st/stm32cubeide_1.7.0/plugins/com.st.stm32cube.ide.mcu.externaltools.gnu-tools-for-stm32.9-2020-q2-update.linux64_2.0.0.202105311346/tools/bin/../lib/gcc/arm-none-eabi/9.3.1/thumb/v7e-m+fp/hard/libgcc.a(_dvmd_tls.o)
                0x0000000008000870                __aeabi_ldiv0
                0x0000000008000870                __aeabi_idiv0
 *(.text*)
 .text.SystemClock_Config
                0x0000000008000874       0xa8 ./Core/Src/main.o
                0x0000000008000874                SystemClock_Config
 .text.startup.main
                0x000000000800091c      0x700 ./Core/Src/main.o
                0x000000000800091c                main
 .text.HAL_TIM_PeriodElapsedCallback
                0x000000000800101c      0x1fc ./Core/Src/main.o
                0x000000000800101c                HAL_TIM_PeriodElapsedCallback
 .text.HAL_UART_RxCpltCallback
                0x0000000008001218       0x30 ./Core/Src/main.o
                0x0000000008001218                HAL_UART_RxCpltCallback
 .text.Error_Handler
                0x0000000008001248        0x4 ./Core/Src/main.o
                0x0000000008001248                Error_Handler
 .text.HAL_MspInit
                0x000000000800124c       0x3c ./Core/Src/stm32f4xx_hal_msp.o
                0x000000000800124c                HAL_MspInit
 .text.HAL_ADC_MspInit
                0x0000000008001288      0x154 ./Core/Src/stm32f4xx_hal_msp.o
                0x0000000008001288                HAL_ADC_MspInit
 .text.HAL_I2C_MspInit
                0x00000000080013dc      0x100 ./Core/Src/stm32f4xx_hal_msp.o
                0x00000000080013dc                HAL_I2C_MspInit
 .text.HAL_TIM_Base_MspInit
                0x00000000080014dc       0xc8 ./Core/Src/stm32f4xx_hal_msp.o
                0x00000000080014dc                HAL_TIM_Base_MspInit
 .text.HAL_TIM_PWM_MspInit
                0x00000000080015a4       0xe8 ./Core/Src/stm32f4xx_hal_msp.o
                0x00000000080015a4                HAL_TIM_PWM_MspInit
 .text.HAL_TIM_MspPostInit
                0x000000000800168c       0xfc ./Core/Src/stm32f4xx_hal_msp.o
                0x000000000800168c                HAL_TIM_MspPostInit
 .text.HAL_UART_MspInit
                0x0000000008001788       0xe4 ./Core/Src/stm32f4xx_hal_msp.o
                0x0000000008001788                HAL_UART_MspInit
 .text.NMI_Handler
                0x000000000800186c        0x2 ./Core/Src/stm32f4xx_it.o
                0x000000000800186c                NMI_Handler
 .text.HardFault_Handler
                0x000000000800186e        0x2 ./Core/Src/stm32f4xx_it.o
                0x000000000800186e                HardFault_Handler
 .text.MemManage_Handler
                0x0000000008001870        0x2 ./Core/Src/stm32f4xx_it.o
                0x0000000008001870                MemManage_Handler
 .text.BusFault_Handler
                0x0000000008001872        0x2 ./Core/Src/stm32f4xx_it.o
                0x0000000008001872                BusFault_Handler
 .text.UsageFault_Handler
                0x0000000008001874        0x2 ./Core/Src/stm32f4xx_it.o
                0x0000000008001874                UsageFault_Handler
 .text.SVC_Handler
                0x0000000008001876        0x2 ./Core/Src/stm32f4xx_it.o
                0x0000000008001876                SVC_Handler
 .text.DebugMon_Handler
                0x0000000008001878        0x2 ./Core/Src/stm32f4xx_it.o
                0x0000000008001878                DebugMon_Handler
 .text.PendSV_Handler
                0x000000000800187a        0x2 ./Core/Src/stm32f4xx_it.o
                0x000000000800187a                PendSV_Handler
 .text.SysTick_Handler
                0x000000000800187c        0x4 ./Core/Src/stm32f4xx_it.o
                0x000000000800187c                SysTick_Handler
 .text.ADC_IRQHandler
                0x0000000008001880       0x1c ./Core/Src/stm32f4xx_it.o
                0x0000000008001880                ADC_IRQHandler
 .text.TIM1_BRK_TIM9_IRQHandler
                0x000000000800189c        0xc ./Core/Src/stm32f4xx_it.o
                0x000000000800189c                TIM1_BRK_TIM9_IRQHandler
 .text.TIM1_UP_TIM10_IRQHandler
                0x00000000080018a8       0x1c ./Core/Src/stm32f4xx_it.o
                0x00000000080018a8                TIM1_UP_TIM10_IRQHandler
 .text.USART1_IRQHandler
                0x00000000080018c4        0xc ./Core/Src/stm32f4xx_it.o
                0x00000000080018c4                USART1_IRQHandler
 .text.USART2_IRQHandler
                0x00000000080018d0        0xc ./Core/Src/stm32f4xx_it.o
                0x00000000080018d0                USART2_IRQHandler
 .text.TIM8_UP_TIM13_IRQHandler
                0x00000000080018dc        0xc ./Core/Src/stm32f4xx_it.o
                0x00000000080018dc                TIM8_UP_TIM13_IRQHandler
 .text.TIM7_IRQHandler
                0x00000000080018e8        0xc ./Core/Src/stm32f4xx_it.o
                0x00000000080018e8                TIM7_IRQHandler
 .text.DMA2_Stream2_IRQHandler
                0x00000000080018f4        0xc ./Core/Src/stm32f4xx_it.o
                0x00000000080018f4                DMA2_Stream2_IRQHandler
 .text.SystemInit
                0x0000000008001900       0x14 ./Core/Src/system_stm32f4xx.o
                0x0000000008001900                SystemInit
 .text.Reset_Handler
                0x0000000008001914       0x50 ./Core/Startup/startup_stm32f446retx.o
                0x0000000008001914                Reset_Handler
 .text.Default_Handler
                0x0000000008001964        0x2 ./Core/Startup/startup_stm32f446retx.o
                0x0000000008001964                RTC_Alarm_IRQHandler
                0x0000000008001964                EXTI2_IRQHandler
                0x0000000008001964                TIM8_CC_IRQHandler
                0x0000000008001964                FMPI2C1_EV_IRQHandler
                0x0000000008001964                SPI4_IRQHandler
                0x0000000008001964                TIM1_CC_IRQHandler
                0x0000000008001964                DMA2_Stream5_IRQHandler
                0x0000000008001964                DMA1_Stream5_IRQHandler
                0x0000000008001964                PVD_IRQHandler
                0x0000000008001964                SDIO_IRQHandler
                0x0000000008001964                TAMP_STAMP_IRQHandler
                0x0000000008001964                CAN2_RX1_IRQHandler
                0x0000000008001964                EXTI3_IRQHandler
                0x0000000008001964                TIM8_TRG_COM_TIM14_IRQHandler
                0x0000000008001964                I2C3_ER_IRQHandler
                0x0000000008001964                EXTI0_IRQHandler
                0x0000000008001964                I2C2_EV_IRQHandler
                0x0000000008001964                DMA1_Stream2_IRQHandler
                0x0000000008001964                CAN1_RX0_IRQHandler
                0x0000000008001964                FPU_IRQHandler
                0x0000000008001964                OTG_HS_WKUP_IRQHandler
                0x0000000008001964                CAN2_SCE_IRQHandler
                0x0000000008001964                SPI1_IRQHandler
                0x0000000008001964                TIM6_DAC_IRQHandler
                0x0000000008001964                DCMI_IRQHandler
                0x0000000008001964                CAN2_RX0_IRQHandler
                0x0000000008001964                DMA2_Stream3_IRQHandler
                0x0000000008001964                SAI2_IRQHandler
                0x0000000008001964                USART6_IRQHandler
                0x0000000008001964                USART3_IRQHandler
                0x0000000008001964                CAN1_RX1_IRQHandler
                0x0000000008001964                UART5_IRQHandler
                0x0000000008001964                DMA2_Stream0_IRQHandler
                0x0000000008001964                TIM4_IRQHandler
                0x0000000008001964                QUADSPI_IRQHandler
                0x0000000008001964                I2C1_EV_IRQHandler
                0x0000000008001964                DMA1_Stream6_IRQHandler
                0x0000000008001964                DMA1_Stream1_IRQHandler
                0x0000000008001964                UART4_IRQHandler
                0x0000000008001964                TIM3_IRQHandler
                0x0000000008001964                RCC_IRQHandler
                0x0000000008001964                TIM8_BRK_TIM12_IRQHandler
                0x0000000008001964                Default_Handler
                0x0000000008001964                CEC_IRQHandler
                0x0000000008001964                EXTI15_10_IRQHandler
                0x0000000008001964                DMA1_Stream7_IRQHandler
                0x0000000008001964                CAN2_TX_IRQHandler
                0x0000000008001964                TIM5_IRQHandler
                0x0000000008001964                DMA2_Stream7_IRQHandler
                0x0000000008001964                I2C3_EV_IRQHandler
                0x0000000008001964                EXTI9_5_IRQHandler
                0x0000000008001964                RTC_WKUP_IRQHandler
                0x0000000008001964                SPDIF_RX_IRQHandler
                0x0000000008001964                SPI2_IRQHandler
                0x0000000008001964                OTG_HS_EP1_IN_IRQHandler
                0x0000000008001964                DMA1_Stream0_IRQHandler
                0x0000000008001964                CAN1_TX_IRQHandler
                0x0000000008001964                FMPI2C1_ER_IRQHandler
                0x0000000008001964                EXTI4_IRQHandler
                0x0000000008001964                OTG_HS_EP1_OUT_IRQHandler
                0x0000000008001964                WWDG_IRQHandler
                0x0000000008001964                TIM2_IRQHandler
                0x0000000008001964                OTG_FS_WKUP_IRQHandler
                0x0000000008001964                TIM1_TRG_COM_TIM11_IRQHandler
                0x0000000008001964                OTG_HS_IRQHandler
                0x0000000008001964                EXTI1_IRQHandler
                0x0000000008001964                I2C2_ER_IRQHandler
                0x0000000008001964                DMA2_Stream1_IRQHandler
                0x0000000008001964                CAN1_SCE_IRQHandler
                0x0000000008001964                FLASH_IRQHandler
                0x0000000008001964                DMA2_Stream4_IRQHandler
                0x0000000008001964                OTG_FS_IRQHandler
                0x0000000008001964                SPI3_IRQHandler
                0x0000000008001964                DMA1_Stream4_IRQHandler
                0x0000000008001964                I2C1_ER_IRQHandler
                0x0000000008001964                FMC_IRQHandler
                0x0000000008001964                DMA2_Stream6_IRQHandler
                0x0000000008001964                SAI1_IRQHandler
                0x0000000008001964                DMA1_Stream3_IRQHandler
 *fill*         0x0000000008001966        0x2 
 .text.HAL_InitTick
                0x0000000008001968       0x48 ./Drivers/STM32F4xx_HAL_Driver/Src/stm32f4xx_hal.o
                0x0000000008001968                HAL_InitTick
 .text.HAL_Init
                0x00000000080019b0       0x34 ./Drivers/STM32F4xx_HAL_Driver/Src/stm32f4xx_hal.o
                0x00000000080019b0                HAL_Init
 .text.HAL_IncTick
                0x00000000080019e4       0x18 ./Drivers/STM32F4xx_HAL_Driver/Src/stm32f4xx_hal.o
                0x00000000080019e4                HAL_IncTick
 .text.HAL_GetTick
                0x00000000080019fc        0xc ./Drivers/STM32F4xx_HAL_Driver/Src/stm32f4xx_hal.o
                0x00000000080019fc                HAL_GetTick
 .text.HAL_Delay
                0x0000000008001a08       0x28 ./Drivers/STM32F4xx_HAL_Driver/Src/stm32f4xx_hal.o
                0x0000000008001a08                HAL_Delay
 .text.HAL_ADC_Init
                0x0000000008001a30      0x14c ./Drivers/STM32F4xx_HAL_Driver/Src/stm32f4xx_hal_adc.o
                0x0000000008001a30                HAL_ADC_Init
 .text.HAL_ADC_ConvCpltCallback
                0x0000000008001b7c        0x2 ./Drivers/STM32F4xx_HAL_Driver/Src/stm32f4xx_hal_adc.o
                0x0000000008001b7c                HAL_ADC_ConvCpltCallback
 .text.HAL_ADC_LevelOutOfWindowCallback
                0x0000000008001b7e        0x2 ./Drivers/STM32F4xx_HAL_Driver/Src/stm32f4xx_hal_adc.o
                0x0000000008001b7e                HAL_ADC_LevelOutOfWindowCallback
 .text.HAL_ADC_ErrorCallback
                0x0000000008001b80        0x2 ./Drivers/STM32F4xx_HAL_Driver/Src/stm32f4xx_hal_adc.o
                0x0000000008001b80                HAL_ADC_ErrorCallback
 .text.HAL_ADC_IRQHandler
                0x0000000008001b82      0x128 ./Drivers/STM32F4xx_HAL_Driver/Src/stm32f4xx_hal_adc.o
                0x0000000008001b82                HAL_ADC_IRQHandler
 *fill*         0x0000000008001caa        0x2 
 .text.HAL_ADC_ConfigChannel
                0x0000000008001cac      0x138 ./Drivers/STM32F4xx_HAL_Driver/Src/stm32f4xx_hal_adc.o
                0x0000000008001cac                HAL_ADC_ConfigChannel
 .text.HAL_ADCEx_InjectedConvCpltCallback
                0x0000000008001de4        0x2 ./Drivers/STM32F4xx_HAL_Driver/Src/stm32f4xx_hal_adc_ex.o
                0x0000000008001de4                HAL_ADCEx_InjectedConvCpltCallback
 *fill*         0x0000000008001de6        0x2 
 .text.HAL_NVIC_SetPriorityGrouping
                0x0000000008001de8       0x24 ./Drivers/STM32F4xx_HAL_Driver/Src/stm32f4xx_hal_cortex.o
                0x0000000008001de8                HAL_NVIC_SetPriorityGrouping
 .text.HAL_NVIC_SetPriority
                0x0000000008001e0c       0x64 ./Drivers/STM32F4xx_HAL_Driver/Src/stm32f4xx_hal_cortex.o
                0x0000000008001e0c                HAL_NVIC_SetPriority
 .text.HAL_NVIC_EnableIRQ
                0x0000000008001e70       0x1c ./Drivers/STM32F4xx_HAL_Driver/Src/stm32f4xx_hal_cortex.o
                0x0000000008001e70                HAL_NVIC_EnableIRQ
 .text.HAL_SYSTICK_Config
                0x0000000008001e8c       0x2c ./Drivers/STM32F4xx_HAL_Driver/Src/stm32f4xx_hal_cortex.o
                0x0000000008001e8c                HAL_SYSTICK_Config
 .text.DMA_CalcBaseAndBitshift
                0x0000000008001eb8       0x2c ./Drivers/STM32F4xx_HAL_Driver/Src/stm32f4xx_hal_dma.o
 .text.HAL_DMA_Init
                0x0000000008001ee4      0x100 ./Drivers/STM32F4xx_HAL_Driver/Src/stm32f4xx_hal_dma.o
                0x0000000008001ee4                HAL_DMA_Init
 .text.HAL_DMA_Abort
                0x0000000008001fe4       0x88 ./Drivers/STM32F4xx_HAL_Driver/Src/stm32f4xx_hal_dma.o
                0x0000000008001fe4                HAL_DMA_Abort
 .text.HAL_DMA_Abort_IT
                0x000000000800206c       0x24 ./Drivers/STM32F4xx_HAL_Driver/Src/stm32f4xx_hal_dma.o
                0x000000000800206c                HAL_DMA_Abort_IT
 .text.HAL_DMA_IRQHandler
                0x0000000008002090      0x17c ./Drivers/STM32F4xx_HAL_Driver/Src/stm32f4xx_hal_dma.o
                0x0000000008002090                HAL_DMA_IRQHandler
 .text.HAL_GPIO_Init
                0x000000000800220c      0x1a8 ./Drivers/STM32F4xx_HAL_Driver/Src/stm32f4xx_hal_gpio.o
                0x000000000800220c                HAL_GPIO_Init
 .text.HAL_GPIO_WritePin
                0x00000000080023b4        0xa ./Drivers/STM32F4xx_HAL_Driver/Src/stm32f4xx_hal_gpio.o
                0x00000000080023b4                HAL_GPIO_WritePin
 *fill*         0x00000000080023be        0x2 
 .text.HAL_I2C_Init
                0x00000000080023c0      0x150 ./Drivers/STM32F4xx_HAL_Driver/Src/stm32f4xx_hal_i2c.o
                0x00000000080023c0                HAL_I2C_Init
 .text.HAL_PWREx_EnableOverDrive
                0x0000000008002510       0x78 ./Drivers/STM32F4xx_HAL_Driver/Src/stm32f4xx_hal_pwr_ex.o
                0x0000000008002510                HAL_PWREx_EnableOverDrive
 .text.HAL_RCC_ClockConfig
                0x0000000008002588      0x138 ./Drivers/STM32F4xx_HAL_Driver/Src/stm32f4xx_hal_rcc.o
                0x0000000008002588                HAL_RCC_ClockConfig
 .text.HAL_RCC_GetPCLK1Freq
                0x00000000080026c0       0x20 ./Drivers/STM32F4xx_HAL_Driver/Src/stm32f4xx_hal_rcc.o
                0x00000000080026c0                HAL_RCC_GetPCLK1Freq
 .text.HAL_RCC_GetPCLK2Freq
                0x00000000080026e0       0x20 ./Drivers/STM32F4xx_HAL_Driver/Src/stm32f4xx_hal_rcc.o
                0x00000000080026e0                HAL_RCC_GetPCLK2Freq
 .text.HAL_RCC_GetSysClockFreq
                0x0000000008002700       0x90 ./Drivers/STM32F4xx_HAL_Driver/Src/stm32f4xx_hal_rcc_ex.o
                0x0000000008002700                HAL_RCC_GetSysClockFreq
 .text.HAL_RCC_OscConfig
                0x0000000008002790      0x38c ./Drivers/STM32F4xx_HAL_Driver/Src/stm32f4xx_hal_rcc_ex.o
                0x0000000008002790                HAL_RCC_OscConfig
 .text.TIM_OC1_SetConfig
                0x0000000008002b1c       0x64 ./Drivers/STM32F4xx_HAL_Driver/Src/stm32f4xx_hal_tim.o
 .text.TIM_OC3_SetConfig
                0x0000000008002b80       0x6c ./Drivers/STM32F4xx_HAL_Driver/Src/stm32f4xx_hal_tim.o
 .text.TIM_OC4_SetConfig
                0x0000000008002bec       0x4c ./Drivers/STM32F4xx_HAL_Driver/Src/stm32f4xx_hal_tim.o
 .text.HAL_TIM_Base_Start_IT
                0x0000000008002c38       0x74 ./Drivers/STM32F4xx_HAL_Driver/Src/stm32f4xx_hal_tim.o
                0x0000000008002c38                HAL_TIM_Base_Start_IT
 .text.HAL_TIM_Base_Stop_IT
                0x0000000008002cac       0x30 ./Drivers/STM32F4xx_HAL_Driver/Src/stm32f4xx_hal_tim.o
                0x0000000008002cac                HAL_TIM_Base_Stop_IT
 .text.HAL_TIM_OC_DelayElapsedCallback
                0x0000000008002cdc        0x2 ./Drivers/STM32F4xx_HAL_Driver/Src/stm32f4xx_hal_tim.o
                0x0000000008002cdc                HAL_TIM_OC_DelayElapsedCallback
 .text.HAL_TIM_IC_CaptureCallback
                0x0000000008002cde        0x2 ./Drivers/STM32F4xx_HAL_Driver/Src/stm32f4xx_hal_tim.o
                0x0000000008002cde                HAL_TIM_IC_CaptureCallback
 .text.HAL_TIM_PWM_PulseFinishedCallback
                0x0000000008002ce0        0x2 ./Drivers/STM32F4xx_HAL_Driver/Src/stm32f4xx_hal_tim.o
                0x0000000008002ce0                HAL_TIM_PWM_PulseFinishedCallback
 .text.HAL_TIM_TriggerCallback
                0x0000000008002ce2        0x2 ./Drivers/STM32F4xx_HAL_Driver/Src/stm32f4xx_hal_tim.o
                0x0000000008002ce2                HAL_TIM_TriggerCallback
 .text.HAL_TIM_IRQHandler
                0x0000000008002ce4      0x144 ./Drivers/STM32F4xx_HAL_Driver/Src/stm32f4xx_hal_tim.o
                0x0000000008002ce4                HAL_TIM_IRQHandler
 .text.TIM_Base_SetConfig
                0x0000000008002e28       0xcc ./Drivers/STM32F4xx_HAL_Driver/Src/stm32f4xx_hal_tim.o
                0x0000000008002e28                TIM_Base_SetConfig
 .text.HAL_TIM_Base_Init
                0x0000000008002ef4       0x58 ./Drivers/STM32F4xx_HAL_Driver/Src/stm32f4xx_hal_tim.o
                0x0000000008002ef4                HAL_TIM_Base_Init
 .text.HAL_TIM_PWM_Init
                0x0000000008002f4c       0x58 ./Drivers/STM32F4xx_HAL_Driver/Src/stm32f4xx_hal_tim.o
                0x0000000008002f4c                HAL_TIM_PWM_Init
 .text.TIM_OC2_SetConfig
                0x0000000008002fa4       0x6c ./Drivers/STM32F4xx_HAL_Driver/Src/stm32f4xx_hal_tim.o
                0x0000000008002fa4                TIM_OC2_SetConfig
 .text.HAL_TIM_PWM_ConfigChannel
                0x0000000008003010       0xbc ./Drivers/STM32F4xx_HAL_Driver/Src/stm32f4xx_hal_tim.o
                0x0000000008003010                HAL_TIM_PWM_ConfigChannel
 .text.TIM_ETR_SetConfig
                0x00000000080030cc       0x14 ./Drivers/STM32F4xx_HAL_Driver/Src/stm32f4xx_hal_tim.o
                0x00000000080030cc                TIM_ETR_SetConfig
 .text.HAL_TIM_ConfigClockSource
                0x00000000080030e0      0x138 ./Drivers/STM32F4xx_HAL_Driver/Src/stm32f4xx_hal_tim.o
                0x00000000080030e0                HAL_TIM_ConfigClockSource
 .text.HAL_TIMEx_MasterConfigSynchronization
                0x0000000008003218       0x7c ./Drivers/STM32F4xx_HAL_Driver/Src/stm32f4xx_hal_tim_ex.o
                0x0000000008003218                HAL_TIMEx_MasterConfigSynchronization
 .text.HAL_TIMEx_ConfigBreakDeadTime
                0x0000000008003294       0x4c ./Drivers/STM32F4xx_HAL_Driver/Src/stm32f4xx_hal_tim_ex.o
                0x0000000008003294                HAL_TIMEx_ConfigBreakDeadTime
 .text.HAL_TIMEx_CommutCallback
                0x00000000080032e0        0x2 ./Drivers/STM32F4xx_HAL_Driver/Src/stm32f4xx_hal_tim_ex.o
                0x00000000080032e0                HAL_TIMEx_CommutCallback
 .text.HAL_TIMEx_BreakCallback
                0x00000000080032e2        0x2 ./Drivers/STM32F4xx_HAL_Driver/Src/stm32f4xx_hal_tim_ex.o
                0x00000000080032e2                HAL_TIMEx_BreakCallback
 .text.UART_EndRxTransfer
                0x00000000080032e4       0x5c ./Drivers/STM32F4xx_HAL_Driver/Src/stm32f4xx_hal_uart.o
 .text.UART_SetConfig
                0x0000000008003340       0xbc ./Drivers/STM32F4xx_HAL_Driver/Src/stm32f4xx_hal_uart.o
 .text.HAL_UART_Init
                0x00000000080033fc       0x5c ./Drivers/STM32F4xx_HAL_Driver/Src/stm32f4xx_hal_uart.o
                0x00000000080033fc                HAL_UART_Init
 .text.HAL_UART_TxCpltCallback
                0x0000000008003458        0x2 ./Drivers/STM32F4xx_HAL_Driver/Src/stm32f4xx_hal_uart.o
                0x0000000008003458                HAL_UART_TxCpltCallback
 .text.HAL_UART_ErrorCallback
                0x000000000800345a        0x2 ./Drivers/STM32F4xx_HAL_Driver/Src/stm32f4xx_hal_uart.o
                0x000000000800345a                HAL_UART_ErrorCallback
 .text.UART_DMAAbortOnError
                0x000000000800345c       0x10 ./Drivers/STM32F4xx_HAL_Driver/Src/stm32f4xx_hal_uart.o
 .text.HAL_UARTEx_RxEventCallback
                0x000000000800346c        0x2 ./Drivers/STM32F4xx_HAL_Driver/Src/stm32f4xx_hal_uart.o
                0x000000000800346c                HAL_UARTEx_RxEventCallback
 .text.UART_Receive_IT
                0x000000000800346e       0xb8 ./Drivers/STM32F4xx_HAL_Driver/Src/stm32f4xx_hal_uart.o
 *fill*         0x0000000008003526        0x2 
 .text.HAL_UART_IRQHandler
                0x0000000008003528      0x290 ./Drivers/STM32F4xx_HAL_Driver/Src/stm32f4xx_hal_uart.o
                0x0000000008003528                HAL_UART_IRQHandler
 .text.UART_Start_Receive_IT
                0x00000000080037b8       0x32 ./Drivers/STM32F4xx_HAL_Driver/Src/stm32f4xx_hal_uart.o
                0x00000000080037b8                UART_Start_Receive_IT
 .text.HAL_UART_Receive_IT
                0x00000000080037ea       0x30 ./Drivers/STM32F4xx_HAL_Driver/Src/stm32f4xx_hal_uart.o
                0x00000000080037ea                HAL_UART_Receive_IT
 *fill*         0x000000000800381a        0x2 
 .text.__libc_init_array
                0x000000000800381c       0x48 /opt/st/stm32cubeide_1.7.0/plugins/com.st.stm32cube.ide.mcu.externaltools.gnu-tools-for-stm32.9-2020-q2-update.linux64_2.0.0.202105311346/tools/bin/../lib/gcc/arm-none-eabi/9.3.1/../../../../arm-none-eabi/lib/thumb/v7e-m+fp/hard/libc_nano.a(lib_a-init.o)
                0x000000000800381c                __libc_init_array
 .text.memset   0x0000000008003864       0x10 /opt/st/stm32cubeide_1.7.0/plugins/com.st.stm32cube.ide.mcu.externaltools.gnu-tools-for-stm32.9-2020-q2-update.linux64_2.0.0.202105311346/tools/bin/../lib/gcc/arm-none-eabi/9.3.1/../../../../arm-none-eabi/lib/thumb/v7e-m+fp/hard/libc_nano.a(lib_a-memset.o)
                0x0000000008003864                memset
 *(.glue_7)
 .glue_7        0x0000000008003874        0x0 linker stubs
 *(.glue_7t)
 .glue_7t       0x0000000008003874        0x0 linker stubs
 *(.eh_frame)
 .eh_frame      0x0000000008003874        0x0 /opt/st/stm32cubeide_1.7.0/plugins/com.st.stm32cube.ide.mcu.externaltools.gnu-tools-for-stm32.9-2020-q2-update.linux64_2.0.0.202105311346/tools/bin/../lib/gcc/arm-none-eabi/9.3.1/thumb/v7e-m+fp/hard/crtbegin.o
 *(.init)
 .init          0x0000000008003874        0x4 /opt/st/stm32cubeide_1.7.0/plugins/com.st.stm32cube.ide.mcu.externaltools.gnu-tools-for-stm32.9-2020-q2-update.linux64_2.0.0.202105311346/tools/bin/../lib/gcc/arm-none-eabi/9.3.1/thumb/v7e-m+fp/hard/crti.o
                0x0000000008003874                _init
 .init          0x0000000008003878        0x8 /opt/st/stm32cubeide_1.7.0/plugins/com.st.stm32cube.ide.mcu.externaltools.gnu-tools-for-stm32.9-2020-q2-update.linux64_2.0.0.202105311346/tools/bin/../lib/gcc/arm-none-eabi/9.3.1/thumb/v7e-m+fp/hard/crtn.o
 *(.fini)
 .fini          0x0000000008003880        0x4 /opt/st/stm32cubeide_1.7.0/plugins/com.st.stm32cube.ide.mcu.externaltools.gnu-tools-for-stm32.9-2020-q2-update.linux64_2.0.0.202105311346/tools/bin/../lib/gcc/arm-none-eabi/9.3.1/thumb/v7e-m+fp/hard/crti.o
                0x0000000008003880                _fini
 .fini          0x0000000008003884        0x8 /opt/st/stm32cubeide_1.7.0/plugins/com.st.stm32cube.ide.mcu.externaltools.gnu-tools-for-stm32.9-2020-q2-update.linux64_2.0.0.202105311346/tools/bin/../lib/gcc/arm-none-eabi/9.3.1/thumb/v7e-m+fp/hard/crtn.o
                0x000000000800388c                . = ALIGN (0x4)
                0x000000000800388c                _etext = .

.vfp11_veneer   0x000000000800388c        0x0
 .vfp11_veneer  0x000000000800388c        0x0 linker stubs

.v4_bx          0x000000000800388c        0x0
 .v4_bx         0x000000000800388c        0x0 linker stubs

.iplt           0x000000000800388c        0x0
 .iplt          0x000000000800388c        0x0 /opt/st/stm32cubeide_1.7.0/plugins/com.st.stm32cube.ide.mcu.externaltools.gnu-tools-for-stm32.9-2020-q2-update.linux64_2.0.0.202105311346/tools/bin/../lib/gcc/arm-none-eabi/9.3.1/thumb/v7e-m+fp/hard/crtbegin.o

.rodata         0x000000000800388c       0x20
                0x000000000800388c                . = ALIGN (0x4)
 *(.rodata)
 *(.rodata*)
 .rodata.AHBPrescTable
                0x000000000800388c       0x10 ./Core/Src/system_stm32f4xx.o
                0x000000000800388c                AHBPrescTable
 .rodata.APBPrescTable
                0x000000000800389c        0x8 ./Core/Src/system_stm32f4xx.o
                0x000000000800389c                APBPrescTable
 .rodata.flagBitshiftOffset.9129
                0x00000000080038a4        0x8 ./Drivers/STM32F4xx_HAL_Driver/Src/stm32f4xx_hal_dma.o
                0x00000000080038ac                . = ALIGN (0x4)

.ARM.extab      0x00000000080038ac        0x0
                0x00000000080038ac                . = ALIGN (0x4)
 *(.ARM.extab* .gnu.linkonce.armextab.*)
                0x00000000080038ac                . = ALIGN (0x4)

.ARM            0x00000000080038ac        0x8
                0x00000000080038ac                . = ALIGN (0x4)
                0x00000000080038ac                __exidx_start = .
 *(.ARM.exidx*)
 .ARM.exidx     0x00000000080038ac        0x8 /opt/st/stm32cubeide_1.7.0/plugins/com.st.stm32cube.ide.mcu.externaltools.gnu-tools-for-stm32.9-2020-q2-update.linux64_2.0.0.202105311346/tools/bin/../lib/gcc/arm-none-eabi/9.3.1/thumb/v7e-m+fp/hard/libgcc.a(_udivmoddi4.o)
                0x00000000080038b4                __exidx_end = .
                0x00000000080038b4                . = ALIGN (0x4)

.rel.dyn        0x00000000080038b4        0x0
 .rel.iplt      0x00000000080038b4        0x0 /opt/st/stm32cubeide_1.7.0/plugins/com.st.stm32cube.ide.mcu.externaltools.gnu-tools-for-stm32.9-2020-q2-update.linux64_2.0.0.202105311346/tools/bin/../lib/gcc/arm-none-eabi/9.3.1/thumb/v7e-m+fp/hard/crtbegin.o

.preinit_array  0x00000000080038b4        0x0
                0x00000000080038b4                . = ALIGN (0x4)
                0x00000000080038b4                PROVIDE (__preinit_array_start = .)
 *(.preinit_array*)
                0x00000000080038b4                PROVIDE (__preinit_array_end = .)
                0x00000000080038b4                . = ALIGN (0x4)

.init_array     0x00000000080038b4        0x4
                0x00000000080038b4                . = ALIGN (0x4)
                0x00000000080038b4                PROVIDE (__init_array_start = .)
 *(SORT_BY_NAME(.init_array.*))
 *(.init_array*)
 .init_array    0x00000000080038b4        0x4 /opt/st/stm32cubeide_1.7.0/plugins/com.st.stm32cube.ide.mcu.externaltools.gnu-tools-for-stm32.9-2020-q2-update.linux64_2.0.0.202105311346/tools/bin/../lib/gcc/arm-none-eabi/9.3.1/thumb/v7e-m+fp/hard/crtbegin.o
                0x00000000080038b8                PROVIDE (__init_array_end = .)
                0x00000000080038b8                . = ALIGN (0x4)

.fini_array     0x00000000080038b8        0x4
                0x00000000080038b8                . = ALIGN (0x4)
                [!provide]                        PROVIDE (__fini_array_start = .)
 *(SORT_BY_NAME(.fini_array.*))
 *(.fini_array*)
 .fini_array    0x00000000080038b8        0x4 /opt/st/stm32cubeide_1.7.0/plugins/com.st.stm32cube.ide.mcu.externaltools.gnu-tools-for-stm32.9-2020-q2-update.linux64_2.0.0.202105311346/tools/bin/../lib/gcc/arm-none-eabi/9.3.1/thumb/v7e-m+fp/hard/crtbegin.o
                [!provide]                        PROVIDE (__fini_array_end = .)
                0x00000000080038bc                . = ALIGN (0x4)
                0x00000000080038bc                _sidata = LOADADDR (.data)

.data           0x0000000020000000       0x24 load address 0x00000000080038bc
                0x0000000020000000                . = ALIGN (0x4)
                0x0000000020000000                _sdata = .
 *(.data)
 *(.data*)
 .data.CPT_CoolingDoorClosed
                0x0000000020000000        0x4 ./Core/Src/main.o
                0x0000000020000000                CPT_CoolingDoorClosed
 .data.DELTA_Pressure
                0x0000000020000004        0x4 ./Core/Src/main.o
                0x0000000020000004                DELTA_Pressure
 .data.buzzer_state
                0x0000000020000008        0x4 ./Core/Src/main.o
                0x0000000020000008                buzzer_state
 .data.desired_temperature
                0x000000002000000c        0x4 ./Core/Src/main.o
                0x000000002000000c                desired_temperature
 .data.status   0x0000000020000010        0x4 ./Core/Src/main.o
                0x0000000020000010                status
 .data.system_is_active
                0x0000000020000014        0x4 ./Core/Src/main.o
                0x0000000020000014                system_is_active
 .data.SystemCoreClock
                0x0000000020000018        0x4 ./Core/Src/system_stm32f4xx.o
                0x0000000020000018                SystemCoreClock
 .data.uwTickFreq
                0x000000002000001c        0x1 ./Drivers/STM32F4xx_HAL_Driver/Src/stm32f4xx_hal.o
                0x000000002000001c                uwTickFreq
 *fill*         0x000000002000001d        0x3 
 .data.uwTickPrio
                0x0000000020000020        0x4 ./Drivers/STM32F4xx_HAL_Driver/Src/stm32f4xx_hal.o
                0x0000000020000020                uwTickPrio
 *(.RamFunc)
 *(.RamFunc*)
                0x0000000020000024                . = ALIGN (0x4)
                0x0000000020000024                _edata = .

.igot.plt       0x0000000020000024        0x0 load address 0x00000000080038e0
 .igot.plt      0x0000000020000024        0x0 /opt/st/stm32cubeide_1.7.0/plugins/com.st.stm32cube.ide.mcu.externaltools.gnu-tools-for-stm32.9-2020-q2-update.linux64_2.0.0.202105311346/tools/bin/../lib/gcc/arm-none-eabi/9.3.1/thumb/v7e-m+fp/hard/crtbegin.o
                0x0000000020000024                . = ALIGN (0x4)

.bss            0x0000000020000024     0x33c0 load address 0x00000000080038e0
                0x0000000020000024                _sbss = .
                0x0000000020000024                __bss_start__ = _sbss
 *(.bss)
 .bss           0x0000000020000024       0x1c /opt/st/stm32cubeide_1.7.0/plugins/com.st.stm32cube.ide.mcu.externaltools.gnu-tools-for-stm32.9-2020-q2-update.linux64_2.0.0.202105311346/tools/bin/../lib/gcc/arm-none-eabi/9.3.1/thumb/v7e-m+fp/hard/crtbegin.o
 *(.bss*)
 .bss.c_Pressure
                0x0000000020000040        0x4 ./Core/Src/main.o
                0x0000000020000040                c_Pressure
 .bss.compteur_buzzer
                0x0000000020000044        0x4 ./Core/Src/main.o
                0x0000000020000044                compteur_buzzer
 .bss.compteur_porte
                0x0000000020000048        0x4 ./Core/Src/main.o
                0x0000000020000048                compteur_porte
 .bss.fermeture_porte
                0x000000002000004c        0x4 ./Core/Src/main.o
                0x000000002000004c                fermeture_porte
 .bss.i_timer1  0x0000000020000050        0x4 ./Core/Src/main.o
                0x0000000020000050                i_timer1
 .bss.i_timer7  0x0000000020000054        0x4 ./Core/Src/main.o
                0x0000000020000054                i_timer7
 .bss.last_watchdog_time
                0x0000000020000058        0x4 ./Core/Src/main.o
                0x0000000020000058                last_watchdog_time
 .bss.p_Pressure
                0x000000002000005c        0x4 ./Core/Src/main.o
                0x000000002000005c                p_Pressure
 *(COMMON)
 COMMON         0x0000000020000060     0x3380 ./Core/Src/main.o
                0x0000000020000060                MAX
                0x0000000020000064                hi2c3
                0x00000000200000b8                htim8
                0x0000000020000100                htim4
                0x0000000020000148                hadc2
                0x0000000020000190                htim10
                0x00000000200001d8                hi2c2
                0x000000002000022c                Cycle_Printer
                0x0000000020000230                cpt_GetWeight
                0x0000000020000234                co2
                0x0000000020000236                tvoc
                0x0000000020000238                temperature
                0x000000002000023c                tabEXEMPLE
                0x00000000200019ac                htim3
                0x00000000200019f4                hadc1
                0x0000000020001a3c                huart1
                0x0000000020001a80                getWeight
                0x0000000020001a84                cmd_door_state
                0x0000000020001a88                htim6
                0x0000000020001ad0                htim1
                0x0000000020001b18                tabEXEMPLE2
                0x0000000020003288                htim2
                0x00000000200032d0                p_light
                0x00000000200032d4                huart2
                0x0000000020003318                hdma_adc2
                0x0000000020003378                Rx_buffer
                0x000000002000338c                htim7
                0x00000000200033d4                MIN
                0x00000000200033d8                Fire
                0x00000000200033dc                DOOR_Previous_State
 COMMON         0x00000000200033e0        0x4 ./Drivers/STM32F4xx_HAL_Driver/Src/stm32f4xx_hal.o
                0x00000000200033e0                uwTick
                0x00000000200033e4                . = ALIGN (0x4)
                0x00000000200033e4                _ebss = .
                0x00000000200033e4                __bss_end__ = _ebss

._user_heap_stack
                0x00000000200033e4      0x604 load address 0x00000000080038e0
                0x00000000200033e8                . = ALIGN (0x8)
 *fill*         0x00000000200033e4        0x4 
                [!provide]                        PROVIDE (end = .)
                0x00000000200033e8                PROVIDE (_end = .)
                0x00000000200035e8                . = (. + _Min_Heap_Size)
 *fill*         0x00000000200033e8      0x200 
                0x00000000200039e8                . = (. + _Min_Stack_Size)
 *fill*         0x00000000200035e8      0x400 
                0x00000000200039e8                . = ALIGN (0x8)

/DISCARD/
 libc.a(*)
 libm.a(*)
 libgcc.a(*)

.ARM.attributes
                0x0000000000000000       0x30
 *(.ARM.attributes)
 .ARM.attributes
                0x0000000000000000       0x1e /opt/st/stm32cubeide_1.7.0/plugins/com.st.stm32cube.ide.mcu.externaltools.gnu-tools-for-stm32.9-2020-q2-update.linux64_2.0.0.202105311346/tools/bin/../lib/gcc/arm-none-eabi/9.3.1/thumb/v7e-m+fp/hard/crti.o
 .ARM.attributes
                0x000000000000001e       0x34 /opt/st/stm32cubeide_1.7.0/plugins/com.st.stm32cube.ide.mcu.externaltools.gnu-tools-for-stm32.9-2020-q2-update.linux64_2.0.0.202105311346/tools/bin/../lib/gcc/arm-none-eabi/9.3.1/thumb/v7e-m+fp/hard/crtbegin.o
 .ARM.attributes
                0x0000000000000052       0x34 ./Core/Src/main.o
 .ARM.attributes
                0x0000000000000086       0x34 ./Core/Src/stm32f4xx_hal_msp.o
 .ARM.attributes
                0x00000000000000ba       0x34 ./Core/Src/stm32f4xx_it.o
 .ARM.attributes
                0x00000000000000ee       0x34 ./Core/Src/system_stm32f4xx.o
 .ARM.attributes
                0x0000000000000122       0x21 ./Core/Startup/startup_stm32f446retx.o
 .ARM.attributes
                0x0000000000000143       0x34 ./Drivers/STM32F4xx_HAL_Driver/Src/stm32f4xx_hal.o
 .ARM.attributes
                0x0000000000000177       0x34 ./Drivers/STM32F4xx_HAL_Driver/Src/stm32f4xx_hal_adc.o
 .ARM.attributes
                0x00000000000001ab       0x34 ./Drivers/STM32F4xx_HAL_Driver/Src/stm32f4xx_hal_adc_ex.o
 .ARM.attributes
                0x00000000000001df       0x34 ./Drivers/STM32F4xx_HAL_Driver/Src/stm32f4xx_hal_cortex.o
 .ARM.attributes
                0x0000000000000213       0x34 ./Drivers/STM32F4xx_HAL_Driver/Src/stm32f4xx_hal_dma.o
 .ARM.attributes
                0x0000000000000247       0x34 ./Drivers/STM32F4xx_HAL_Driver/Src/stm32f4xx_hal_gpio.o
 .ARM.attributes
                0x000000000000027b       0x34 ./Drivers/STM32F4xx_HAL_Driver/Src/stm32f4xx_hal_i2c.o
 .ARM.attributes
                0x00000000000002af       0x34 ./Drivers/STM32F4xx_HAL_Driver/Src/stm32f4xx_hal_pwr_ex.o
 .ARM.attributes
                0x00000000000002e3       0x34 ./Drivers/STM32F4xx_HAL_Driver/Src/stm32f4xx_hal_rcc.o
 .ARM.attributes
                0x0000000000000317       0x34 ./Drivers/STM32F4xx_HAL_Driver/Src/stm32f4xx_hal_rcc_ex.o
 .ARM.attributes
                0x000000000000034b       0x34 ./Drivers/STM32F4xx_HAL_Driver/Src/stm32f4xx_hal_tim.o
 .ARM.attributes
                0x000000000000037f       0x34 ./Drivers/STM32F4xx_HAL_Driver/Src/stm32f4xx_hal_tim_ex.o
 .ARM.attributes
                0x00000000000003b3       0x34 ./Drivers/STM32F4xx_HAL_Driver/Src/stm32f4xx_hal_uart.o
 .ARM.attributes
                0x00000000000003e7       0x34 /opt/st/stm32cubeide_1.7.0/plugins/com.st.stm32cube.ide.mcu.externaltools.gnu-tools-for-stm32.9-2020-q2-update.linux64_2.0.0.202105311346/tools/bin/../lib/gcc/arm-none-eabi/9.3.1/../../../../arm-none-eabi/lib/thumb/v7e-m+fp/hard/libc_nano.a(lib_a-init.o)
 .ARM.attributes
                0x000000000000041b       0x34 /opt/st/stm32cubeide_1.7.0/plugins/com.st.stm32cube.ide.mcu.externaltools.gnu-tools-for-stm32.9-2020-q2-update.linux64_2.0.0.202105311346/tools/bin/../lib/gcc/arm-none-eabi/9.3.1/../../../../arm-none-eabi/lib/thumb/v7e-m+fp/hard/libc_nano.a(lib_a-memset.o)
 .ARM.attributes
                0x000000000000044f       0x1e /opt/st/stm32cubeide_1.7.0/plugins/com.st.stm32cube.ide.mcu.externaltools.gnu-tools-for-stm32.9-2020-q2-update.linux64_2.0.0.202105311346/tools/bin/../lib/gcc/arm-none-eabi/9.3.1/thumb/v7e-m+fp/hard/libgcc.a(_arm_addsubdf3.o)
 .ARM.attributes
                0x000000000000046d       0x1e /opt/st/stm32cubeide_1.7.0/plugins/com.st.stm32cube.ide.mcu.externaltools.gnu-tools-for-stm32.9-2020-q2-update.linux64_2.0.0.202105311346/tools/bin/../lib/gcc/arm-none-eabi/9.3.1/thumb/v7e-m+fp/hard/libgcc.a(_aeabi_uldivmod.o)
 .ARM.attributes
                0x000000000000048b       0x34 /opt/st/stm32cubeide_1.7.0/plugins/com.st.stm32cube.ide.mcu.externaltools.gnu-tools-for-stm32.9-2020-q2-update.linux64_2.0.0.202105311346/tools/bin/../lib/gcc/arm-none-eabi/9.3.1/thumb/v7e-m+fp/hard/libgcc.a(_udivmoddi4.o)
 .ARM.attributes
                0x00000000000004bf       0x1e /opt/st/stm32cubeide_1.7.0/plugins/com.st.stm32cube.ide.mcu.externaltools.gnu-tools-for-stm32.9-2020-q2-update.linux64_2.0.0.202105311346/tools/bin/../lib/gcc/arm-none-eabi/9.3.1/thumb/v7e-m+fp/hard/libgcc.a(_dvmd_tls.o)
 .ARM.attributes
                0x00000000000004dd       0x1e /opt/st/stm32cubeide_1.7.0/plugins/com.st.stm32cube.ide.mcu.externaltools.gnu-tools-for-stm32.9-2020-q2-update.linux64_2.0.0.202105311346/tools/bin/../lib/gcc/arm-none-eabi/9.3.1/thumb/v7e-m+fp/hard/crtn.o
OUTPUT(handddle_stm32.elf elf32-littlearm)
LOAD linker stubs
LOAD /opt/st/stm32cubeide_1.7.0/plugins/com.st.stm32cube.ide.mcu.externaltools.gnu-tools-for-stm32.9-2020-q2-update.linux64_2.0.0.202105311346/tools/bin/../lib/gcc/arm-none-eabi/9.3.1/../../../../arm-none-eabi/lib/thumb/v7e-m+fp/hard/libc.a
LOAD /opt/st/stm32cubeide_1.7.0/plugins/com.st.stm32cube.ide.mcu.externaltools.gnu-tools-for-stm32.9-2020-q2-update.linux64_2.0.0.202105311346/tools/bin/../lib/gcc/arm-none-eabi/9.3.1/../../../../arm-none-eabi/lib/thumb/v7e-m+fp/hard/libm.a
LOAD /opt/st/stm32cubeide_1.7.0/plugins/com.st.stm32cube.ide.mcu.externaltools.gnu-tools-for-stm32.9-2020-q2-update.linux64_2.0.0.202105311346/tools/bin/../lib/gcc/arm-none-eabi/9.3.1/thumb/v7e-m+fp/hard/libgcc.a

.comment        0x0000000000000000       0x53
 .comment       0x0000000000000000       0x53 ./Core/Src/main.o
                                         0x54 (size before relaxing)
 .comment       0x0000000000000053       0x54 ./Core/Src/stm32f4xx_hal_msp.o
 .comment       0x0000000000000053       0x54 ./Core/Src/stm32f4xx_it.o
 .comment       0x0000000000000053       0x54 ./Core/Src/system_stm32f4xx.o
 .comment       0x0000000000000053       0x54 ./Drivers/STM32F4xx_HAL_Driver/Src/stm32f4xx_hal.o
 .comment       0x0000000000000053       0x54 ./Drivers/STM32F4xx_HAL_Driver/Src/stm32f4xx_hal_adc.o
 .comment       0x0000000000000053       0x54 ./Drivers/STM32F4xx_HAL_Driver/Src/stm32f4xx_hal_adc_ex.o
 .comment       0x0000000000000053       0x54 ./Drivers/STM32F4xx_HAL_Driver/Src/stm32f4xx_hal_cortex.o
 .comment       0x0000000000000053       0x54 ./Drivers/STM32F4xx_HAL_Driver/Src/stm32f4xx_hal_dma.o
 .comment       0x0000000000000053       0x54 ./Drivers/STM32F4xx_HAL_Driver/Src/stm32f4xx_hal_gpio.o
 .comment       0x0000000000000053       0x54 ./Drivers/STM32F4xx_HAL_Driver/Src/stm32f4xx_hal_i2c.o
 .comment       0x0000000000000053       0x54 ./Drivers/STM32F4xx_HAL_Driver/Src/stm32f4xx_hal_pwr_ex.o
 .comment       0x0000000000000053       0x54 ./Drivers/STM32F4xx_HAL_Driver/Src/stm32f4xx_hal_rcc.o
 .comment       0x0000000000000053       0x54 ./Drivers/STM32F4xx_HAL_Driver/Src/stm32f4xx_hal_rcc_ex.o
 .comment       0x0000000000000053       0x54 ./Drivers/STM32F4xx_HAL_Driver/Src/stm32f4xx_hal_tim.o
 .comment       0x0000000000000053       0x54 ./Drivers/STM32F4xx_HAL_Driver/Src/stm32f4xx_hal_tim_ex.o
 .comment       0x0000000000000053       0x54 ./Drivers/STM32F4xx_HAL_Driver/Src/stm32f4xx_hal_uart.o

.debug_frame    0x0000000000000000      0x158
 .debug_frame   0x0000000000000000       0x2c /opt/st/stm32cubeide_1.7.0/plugins/com.st.stm32cube.ide.mcu.externaltools.gnu-tools-for-stm32.9-2020-q2-update.linux64_2.0.0.202105311346/tools/bin/../lib/gcc/arm-none-eabi/9.3.1/../../../../arm-none-eabi/lib/thumb/v7e-m+fp/hard/libc_nano.a(lib_a-init.o)
 .debug_frame   0x000000000000002c       0x20 /opt/st/stm32cubeide_1.7.0/plugins/com.st.stm32cube.ide.mcu.externaltools.gnu-tools-for-stm32.9-2020-q2-update.linux64_2.0.0.202105311346/tools/bin/../lib/gcc/arm-none-eabi/9.3.1/../../../../arm-none-eabi/lib/thumb/v7e-m+fp/hard/libc_nano.a(lib_a-memset.o)
 .debug_frame   0x000000000000004c       0xac /opt/st/stm32cubeide_1.7.0/plugins/com.st.stm32cube.ide.mcu.externaltools.gnu-tools-for-stm32.9-2020-q2-update.linux64_2.0.0.202105311346/tools/bin/../lib/gcc/arm-none-eabi/9.3.1/thumb/v7e-m+fp/hard/libgcc.a(_arm_addsubdf3.o)
 .debug_frame   0x00000000000000f8       0x2c /opt/st/stm32cubeide_1.7.0/plugins/com.st.stm32cube.ide.mcu.externaltools.gnu-tools-for-stm32.9-2020-q2-update.linux64_2.0.0.202105311346/tools/bin/../lib/gcc/arm-none-eabi/9.3.1/thumb/v7e-m+fp/hard/libgcc.a(_aeabi_uldivmod.o)
 .debug_frame   0x0000000000000124       0x34 /opt/st/stm32cubeide_1.7.0/plugins/com.st.stm32cube.ide.mcu.externaltools.gnu-tools-for-stm32.9-2020-q2-update.linux64_2.0.0.202105311346/tools/bin/../lib/gcc/arm-none-eabi/9.3.1/thumb/v7e-m+fp/hard/libgcc.a(_udivmoddi4.o)
